#
# There is insufficient memory for the Java Runtime Environment to continue.
# Native memory allocation (malloc) failed to allocate 416992 bytes for Chunk::new
# Possible reasons:
#   The system is out of physical RAM or swap space
#   The process is running with CompressedOops enabled, and the Java Heap may be blocking the growth of the native heap
# Possible solutions:
#   Reduce memory load on the system
#   Increase physical memory or swap space
#   Check if swap backing store is full
#   Decrease Java heap size (-Xmx/-Xms)
#   Decrease number of Java threads
#   Decrease Java thread stack sizes (-Xss)
#   Set larger code cache with -XX:ReservedCodeCacheSize=
#   JVM is running with Unscaled Compressed Oops mode in which the Java heap is
#     placed in the first 4GB address space. The Java Heap base address is the
#     maximum limit for the native heap growth. Please use -XX:HeapBaseMinAddress
#     to set the Java Heap base and to place the Java Heap above 4GB virtual address.
# This output file may be truncated or incomplete.
#
#  Out of Memory Error (allocation.cpp:389), pid=63952, tid=0x0000000000004614
#
# JRE version: Java(TM) SE Runtime Environment (8.0_271-b09) (build 1.8.0_271-b09)
# Java VM: Java HotSpot(TM) 64-Bit Server VM (25.271-b09 mixed mode windows-amd64 compressed oops)
# Failed to write core dump. Minidumps are not enabled by default on client versions of Windows
#

---------------  T H R E A D  ---------------

Current thread (0x000001c07e936000):  JavaThread "C2 CompilerThread1" daemon [_thread_in_native, id=17940, stack(0x000000bc8ee00000,0x000000bc8ef00000)]

Stack: [0x000000bc8ee00000,0x000000bc8ef00000]
Native frames: (J=compiled Java code, j=interpreted, Vv=VM code, C=native code)
V  [jvm.dll+0x33f6c9]


Current CompileTask:
C2:    982  884       4       java.awt.datatransfer.MimeTypeParameterList::parse (451 bytes)


---------------  P R O C E S S  ---------------

Java Threads: ( => current thread )
  0x000001c068203800 JavaThread "DestroyJavaVM" [_thread_blocked, id=58172, stack(0x000000bc8e300000,0x000000bc8e400000)]
  0x000001c000a53000 JavaThread "Thread-5" [_thread_blocked, id=17516, stack(0x000000bc90300000,0x000000bc90400000)]
  0x000001c00095c800 JavaThread "Swing-Shell" daemon [_thread_blocked, id=39920, stack(0x000000bc8fa00000,0x000000bc8fb00000)]
  0x000001c000935800 JavaThread "Image Fetcher 0" daemon [_thread_blocked, id=32740, stack(0x000000bc8f900000,0x000000bc8fa00000)]
  0x000001c0006b6000 JavaThread "Thread-3" [_thread_blocked, id=2680, stack(0x000000bc8f800000,0x000000bc8f900000)]
  0x000001c0005d4800 JavaThread "D3D Screen Updater" daemon [_thread_blocked, id=37468, stack(0x000000bc8f700000,0x000000bc8f800000)]
  0x000001c0005cc000 JavaThread "AWT-EventQueue-0" [_thread_blocked, id=37188, stack(0x000000bc8f600000,0x000000bc8f700000)]
  0x000001c07f7ca800 JavaThread "AWT-Windows" daemon [_thread_in_native, id=51968, stack(0x000000bc8f400000,0x000000bc8f500000)]
  0x000001c07f7c7800 JavaThread "AWT-Shutdown" [_thread_blocked, id=3172, stack(0x000000bc8f300000,0x000000bc8f400000)]
  0x000001c07f7c7000 JavaThread "Java2D Disposer" daemon [_thread_blocked, id=42352, stack(0x000000bc8f200000,0x000000bc8f300000)]
  0x000001c07e9bb000 JavaThread "Service Thread" daemon [_thread_blocked, id=6328, stack(0x000000bc8f000000,0x000000bc8f100000)]
  0x000001c07e944800 JavaThread "C1 CompilerThread2" daemon [_thread_blocked, id=5268, stack(0x000000bc8ef00000,0x000000bc8f000000)]
=>0x000001c07e936000 JavaThread "C2 CompilerThread1" daemon [_thread_in_native, id=17940, stack(0x000000bc8ee00000,0x000000bc8ef00000)]
  0x000001c07e931000 JavaThread "C2 CompilerThread0" daemon [_thread_blocked, id=48100, stack(0x000000bc8ed00000,0x000000bc8ee00000)]
  0x000001c07e92f000 JavaThread "Attach Listener" daemon [_thread_blocked, id=42060, stack(0x000000bc8ec00000,0x000000bc8ed00000)]
  0x000001c07e92e000 JavaThread "Signal Dispatcher" daemon [_thread_blocked, id=20096, stack(0x000000bc8eb00000,0x000000bc8ec00000)]
  0x000001c07e916800 JavaThread "Finalizer" daemon [_thread_blocked, id=33764, stack(0x000000bc8ea00000,0x000000bc8eb00000)]
  0x000001c07e8f5800 JavaThread "Reference Handler" daemon [_thread_blocked, id=59056, stack(0x000000bc8e900000,0x000000bc8ea00000)]

Other Threads:
  0x000001c07e8f2800 VMThread [stack: 0x000000bc8e800000,0x000000bc8e900000] [id=20504]
  0x000001c07e9e1800 WatcherThread [stack: 0x000000bc8f100000,0x000000bc8f200000] [id=51524]

VM state:at safepoint (normal execution)

VM Mutex/Monitor currently owned by a thread:  ([mutex/lock_event])
[0x000001c0681ff0d0] Threads_lock - owner thread: 0x000001c07e8f2800
[0x000001c0682001e0] Heap_lock - owner thread: 0x000001c07e944800
[0x000001c0681ffe60] MethodData_lock - owner thread: 0x000001c07e944800

heap address: 0x0000000081e00000, size: 2018 MB, Compressed Oops mode: 32-bit
Narrow klass base: 0x0000000000000000, Narrow klass shift: 3
Compressed class space size: 1073741824 Address: 0x0000000100000000

Heap:
 PSYoungGen      total 38400K, used 11558K [0x00000000d5f80000, 0x00000000d8a00000, 0x0000000100000000)
  eden space 33280K, 19% used [0x00000000d5f80000,0x00000000d65ce3d0,0x00000000d8000000)
  from space 5120K, 99% used [0x00000000d8000000,0x00000000d84fb5b0,0x00000000d8500000)
  to   space 5120K, 98% used [0x00000000d8500000,0x00000000d89e75a0,0x00000000d8a00000)
 ParOldGen       total 87552K, used 17552K [0x0000000081e00000, 0x0000000087380000, 0x00000000d5f80000)
  object space 87552K, 20% used [0x0000000081e00000,0x0000000082f242d0,0x0000000087380000)
 Metaspace       used 13376K, capacity 13572K, committed 13696K, reserved 1064960K
  class space    used 1792K, capacity 1872K, committed 1920K, reserved 1048576K

Card table byte_map: [0x000001c078f00000,0x000001c079300000] byte_map_base: 0x000001c078af1000

Marking Bits: (ParMarkBitMap*) 0x0000000077557fe0
 Begin Bits: [0x000001c0795b0000, 0x000001c07b538000)
 End Bits:   [0x000001c07b538000, 0x000001c07d4c0000)

Polling page: 0x000001c069b10000

CodeCache: size=245760Kb used=3450Kb max_used=3450Kb free=242309Kb
 bounds [0x000001c069b40000, 0x000001c069eb0000, 0x000001c078b40000]
 total_blobs=1490 nmethods=975 adapters=428
 compilation: enabled

Compilation events (10 events):
Event: 0.953 Thread 0x000001c07e944800 nmethod 953 0x000001c069e92590 code [0x000001c069e92740, 0x000001c069e92d00]
Event: 0.953 Thread 0x000001c07e944800  954       3       java.awt.image.BufferedImage::getWidth (8 bytes)
Event: 0.953 Thread 0x000001c07e944800 nmethod 954 0x000001c069e92ed0 code [0x000001c069e93020, 0x000001c069e93218]
Event: 0.953 Thread 0x000001c07e944800  955       3       java.awt.image.BufferedImage::getHeight (8 bytes)
Event: 0.953 Thread 0x000001c07e944800 nmethod 955 0x000001c069e932d0 code [0x000001c069e93420, 0x000001c069e93618]
Event: 0.953 Thread 0x000001c07e944800  956       3       sun.java2d.loops.CompositeType::equals (29 bytes)
Event: 0.953 Thread 0x000001c07e944800 nmethod 956 0x000001c069e936d0 code [0x000001c069e93840, 0x000001c069e93c38]
Event: 0.956 Thread 0x000001c07e931000 nmethod 940 0x000001c069e97390 code [0x000001c069e97520, 0x000001c069e97f78]
Event: 0.956 Thread 0x000001c07e944800  957       3       sun.java2d.SurfaceData::markDirty (8 bytes)
Event: 0.957 Thread 0x000001c07e944800 nmethod 957 0x000001c069e96f10 code [0x000001c069e97080, 0x000001c069e972d8]

GC Heap History (2 events):
Event: 0.858 GC heap before
{Heap before GC invocations=1 (full 0):
 PSYoungGen      total 38400K, used 33280K [0x00000000d5f80000, 0x00000000d8a00000, 0x0000000100000000)
  eden space 33280K, 100% used [0x00000000d5f80000,0x00000000d8000000,0x00000000d8000000)
  from space 5120K, 0% used [0x00000000d8500000,0x00000000d8500000,0x00000000d8a00000)
  to   space 5120K, 0% used [0x00000000d8000000,0x00000000d8000000,0x00000000d8500000)
 ParOldGen       total 87552K, used 0K [0x0000000081e00000, 0x0000000087380000, 0x00000000d5f80000)
  object space 87552K, 0% used [0x0000000081e00000,0x0000000081e00000,0x0000000087380000)
 Metaspace       used 13034K, capacity 13284K, committed 13440K, reserved 1060864K
  class space    used 1766K, capacity 1840K, committed 1920K, reserved 1048576K
Event: 0.866 GC heap after
Heap after GC invocations=1 (full 0):
 PSYoungGen      total 38400K, used 5101K [0x00000000d5f80000, 0x00000000d8a00000, 0x0000000100000000)
  eden space 33280K, 0% used [0x00000000d5f80000,0x00000000d5f80000,0x00000000d8000000)
  from space 5120K, 99% used [0x00000000d8000000,0x00000000d84fb5b0,0x00000000d8500000)
  to   space 5120K, 0% used [0x00000000d8500000,0x00000000d8500000,0x00000000d8a00000)
 ParOldGen       total 87552K, used 17544K [0x0000000081e00000, 0x0000000087380000, 0x00000000d5f80000)
  object space 87552K, 20% used [0x0000000081e00000,0x0000000082f222d0,0x0000000087380000)
 Metaspace       used 13034K, capacity 13284K, committed 13440K, reserved 1060864K
  class space    used 1766K, capacity 1840K, committed 1920K, reserved 1048576K
}

Deoptimization events (9 events):
Event: 0.468 Thread 0x000001c068203800 Uncommon trap: reason=unstable_if action=reinterpret pc=0x000001c069d242d0 method=com.sun.imageio.plugins.png.PNGImageReader.paethPredictor(III)I @ 41
Event: 0.629 Thread 0x000001c000935800 Uncommon trap: reason=unstable_if action=reinterpret pc=0x000001c069d85794 method=sun.awt.image.ByteInterleavedRaster.putByteData(IIII[B)V @ 79
Event: 0.875 Thread 0x000001c000a53000 Uncommon trap: reason=bimorphic action=maybe_recompile pc=0x000001c069e0478c method=java.util.HashMap.getNode(ILjava/lang/Object;)Ljava/util/HashMap$Node; @ 126
Event: 0.875 Thread 0x000001c000a53000 Uncommon trap: reason=bimorphic action=maybe_recompile pc=0x000001c069e0478c method=java.util.HashMap.getNode(ILjava/lang/Object;)Ljava/util/HashMap$Node; @ 126
Event: 0.875 Thread 0x000001c000a53000 Uncommon trap: reason=bimorphic action=maybe_recompile pc=0x000001c069e0478c method=java.util.HashMap.getNode(ILjava/lang/Object;)Ljava/util/HashMap$Node; @ 126
Event: 0.875 Thread 0x000001c000a53000 Uncommon trap: reason=bimorphic action=maybe_recompile pc=0x000001c069e0478c method=java.util.HashMap.getNode(ILjava/lang/Object;)Ljava/util/HashMap$Node; @ 126
Event: 0.875 Thread 0x000001c000a53000 Uncommon trap: reason=bimorphic action=maybe_recompile pc=0x000001c069dd884c method=java.util.HashMap.getNode(ILjava/lang/Object;)Ljava/util/HashMap$Node; @ 126
Event: 0.878 Thread 0x000001c000a53000 Uncommon trap: reason=unstable_if action=reinterpret pc=0x000001c069e2f6b0 method=java.util.HashMap.getNode(ILjava/lang/Object;)Ljava/util/HashMap$Node; @ 62
Event: 0.901 Thread 0x000001c000a53000 Uncommon trap: reason=unstable_if action=reinterpret pc=0x000001c069e38790 method=java.util.HashMap.getNode(ILjava/lang/Object;)Ljava/util/HashMap$Node; @ 129

Classes redefined (0 events):
No events

Internal exceptions (10 events):
Event: 0.024 Thread 0x000001c068203800 Exception <a 'java/lang/NoSuchMethodError': Method sun.misc.Unsafe.defineClass(Ljava/lang/String;[BII)Ljava/lang/Class; name or signature does not match> (0x00000000d5f87cc0) thrown at [C:\jenkins\workspace\8-2-build-windows-amd64-cygwin\jdk8u271\605\hots
Event: 0.024 Thread 0x000001c068203800 Exception <a 'java/lang/NoSuchMethodError': Method sun.misc.Unsafe.prefetchRead(Ljava/lang/Object;J)V name or signature does not match> (0x00000000d5f87fa8) thrown at [C:\jenkins\workspace\8-2-build-windows-amd64-cygwin\jdk8u271\605\hotspot\src\share\vm\p
Event: 0.072 Thread 0x000001c068203800 Exception <a 'java/security/PrivilegedActionException'> (0x00000000d6001528) thrown at [C:\jenkins\workspace\8-2-build-windows-amd64-cygwin\jdk8u271\605\hotspot\src\share\vm\prims\jvm.cpp, line 1512]
Event: 0.072 Thread 0x000001c068203800 Exception <a 'java/security/PrivilegedActionException'> (0x00000000d6001738) thrown at [C:\jenkins\workspace\8-2-build-windows-amd64-cygwin\jdk8u271\605\hotspot\src\share\vm\prims\jvm.cpp, line 1512]
Event: 0.073 Thread 0x000001c068203800 Exception <a 'java/security/PrivilegedActionException'> (0x00000000d60053a8) thrown at [C:\jenkins\workspace\8-2-build-windows-amd64-cygwin\jdk8u271\605\hotspot\src\share\vm\prims\jvm.cpp, line 1512]
Event: 0.073 Thread 0x000001c068203800 Exception <a 'java/security/PrivilegedActionException'> (0x00000000d60055b8) thrown at [C:\jenkins\workspace\8-2-build-windows-amd64-cygwin\jdk8u271\605\hotspot\src\share\vm\prims\jvm.cpp, line 1512]
Event: 0.080 Thread 0x000001c068203800 Exception <a 'java/io/FileNotFoundException'> (0x00000000d600c728) thrown at [C:\jenkins\workspace\8-2-build-windows-amd64-cygwin\jdk8u271\605\hotspot\src\share\vm\prims\jni.cpp, line 710]
Event: 0.109 Thread 0x000001c068203800 Exception <a 'java/lang/NoSuchFieldError': method resolution failed> (0x00000000d6183a50) thrown at [C:\jenkins\workspace\8-2-build-windows-amd64-cygwin\jdk8u271\605\hotspot\src\share\vm\prims\methodHandles.cpp, line 1169]
Event: 0.111 Thread 0x000001c068203800 Exception <a 'java/lang/NoSuchFieldError': method resolution failed> (0x00000000d6190e20) thrown at [C:\jenkins\workspace\8-2-build-windows-amd64-cygwin\jdk8u271\605\hotspot\src\share\vm\prims\methodHandles.cpp, line 1169]
Event: 0.163 Thread 0x000001c068203800 Exception <a 'java/io/FileNotFoundException'> (0x00000000d623c790) thrown at [C:\jenkins\workspace\8-2-build-windows-amd64-cygwin\jdk8u271\605\hotspot\src\share\vm\prims\jni.cpp, line 710]

Events (10 events):
Event: 0.905 loading class java/awt/Component$FlipBufferStrategy
Event: 0.905 loading class java/awt/Component$FlipBufferStrategy done
Event: 0.905 loading class java/awt/Component$FlipSubRegionBufferStrategy done
Event: 0.905 loading class sun/java2d/pipe/hw/ExtendedBufferCapabilities
Event: 0.905 loading class sun/java2d/pipe/hw/ExtendedBufferCapabilities done
Event: 0.907 Thread 0x000001c000a9d800 Thread exited: 0x000001c000a9d800
Event: 0.917 Thread 0x000001c00062d000 Thread added: 0x000001c00062d000
Event: 0.918 Thread 0x000001c00062d000 Thread exited: 0x000001c00062d000
Event: 0.948 Thread 0x000001c0080a9000 Thread added: 0x000001c0080a9000
Event: 0.954 Thread 0x000001c0080a9000 Thread exited: 0x000001c0080a9000


Dynamic libraries:
0x00007ff7882e0000 - 0x00007ff788327000 	C:\Program Files\Java\jre1.8.0_271\bin\javaw.exe
0x00007ffb292d0000 - 0x00007ffb294c5000 	C:\WINDOWS\SYSTEM32\ntdll.dll
0x00007ffb27480000 - 0x00007ffb2753d000 	C:\WINDOWS\System32\KERNEL32.DLL
0x00007ffb27060000 - 0x00007ffb27329000 	C:\WINDOWS\System32\KERNELBASE.dll
0x00007ffb278f0000 - 0x00007ffb2799c000 	C:\WINDOWS\System32\ADVAPI32.dll
0x00007ffb28450000 - 0x00007ffb284ee000 	C:\WINDOWS\System32\msvcrt.dll
0x00007ffb286c0000 - 0x00007ffb2875c000 	C:\WINDOWS\System32\sechost.dll
0x00007ffb28d80000 - 0x00007ffb28eab000 	C:\WINDOWS\System32\RPCRT4.dll
0x00007ffb275a0000 - 0x00007ffb27740000 	C:\WINDOWS\System32\USER32.dll
0x00007ffb26b10000 - 0x00007ffb26b32000 	C:\WINDOWS\System32\win32u.dll
0x00007ffb27450000 - 0x00007ffb2747a000 	C:\WINDOWS\System32\GDI32.dll
0x00007ffb26d40000 - 0x00007ffb26e4b000 	C:\WINDOWS\System32\gdi32full.dll
0x00007ffb26ca0000 - 0x00007ffb26d3d000 	C:\WINDOWS\System32\msvcp_win.dll
0x00007ffb26a10000 - 0x00007ffb26b10000 	C:\WINDOWS\System32\ucrtbase.dll
0x00007ffb17eb0000 - 0x00007ffb1814a000 	C:\WINDOWS\WinSxS\amd64_microsoft.windows.common-controls_6595b64144ccf1df_6.0.19041.844_none_ca00b6081b84eb1d\COMCTL32.dll
0x00007ffb291d0000 - 0x00007ffb29200000 	C:\WINDOWS\System32\IMM32.DLL
0x00007ffb23cb0000 - 0x00007ffb23cc5000 	C:\Program Files\Java\jre1.8.0_271\bin\vcruntime140.dll
0x00007ffafc890000 - 0x00007ffafc92b000 	C:\Program Files\Java\jre1.8.0_271\bin\msvcp140.dll
0x0000000076d60000 - 0x00000000775cf000 	C:\Program Files\Java\jre1.8.0_271\bin\server\jvm.dll
0x00007ffb28fe0000 - 0x00007ffb28fe8000 	C:\WINDOWS\System32\PSAPI.DLL
0x00007ffb17da0000 - 0x00007ffb17dc7000 	C:\WINDOWS\SYSTEM32\WINMM.dll
0x00007ffb23c50000 - 0x00007ffb23c59000 	C:\WINDOWS\SYSTEM32\WSOCK32.dll
0x00007ffb21310000 - 0x00007ffb2131a000 	C:\WINDOWS\SYSTEM32\VERSION.dll
0x00007ffb29160000 - 0x00007ffb291cb000 	C:\WINDOWS\System32\WS2_32.dll
0x00007ffb25670000 - 0x00007ffb25682000 	C:\WINDOWS\SYSTEM32\kernel.appcore.dll
0x00007ffb22080000 - 0x00007ffb22090000 	C:\Program Files\Java\jre1.8.0_271\bin\verify.dll
0x00007ffb14bb0000 - 0x00007ffb14bdb000 	C:\Program Files\Java\jre1.8.0_271\bin\java.dll
0x00007ffb21030000 - 0x00007ffb21048000 	C:\Program Files\Java\jre1.8.0_271\bin\zip.dll
0x00007ffb27d00000 - 0x00007ffb28442000 	C:\WINDOWS\System32\SHELL32.dll
0x00007ffb24a00000 - 0x00007ffb25190000 	C:\WINDOWS\SYSTEM32\windows.storage.dll
0x00007ffb279a0000 - 0x00007ffb27cf5000 	C:\WINDOWS\System32\combase.dll
0x00007ffb263b0000 - 0x00007ffb263dc000 	C:\WINDOWS\SYSTEM32\Wldp.dll
0x00007ffb28610000 - 0x00007ffb286be000 	C:\WINDOWS\System32\SHCORE.dll
0x00007ffb29010000 - 0x00007ffb29065000 	C:\WINDOWS\System32\shlwapi.dll
0x00007ffb26950000 - 0x00007ffb2696f000 	C:\WINDOWS\SYSTEM32\profapi.dll
0x00007ffafb660000 - 0x00007ffafb7f4000 	C:\Program Files\Java\jre1.8.0_271\bin\awt.dll
0x00007ffb28cb0000 - 0x00007ffb28d7d000 	C:\WINDOWS\System32\OLEAUT32.dll
0x00007ffb23e70000 - 0x00007ffb23f00000 	C:\WINDOWS\SYSTEM32\apphelp.dll
0x00007ffb242c0000 - 0x00007ffb2435e000 	C:\WINDOWS\system32\uxtheme.dll
0x00007ffb27330000 - 0x00007ffb27445000 	C:\WINDOWS\System32\MSCTF.dll
0x00007ffb28eb0000 - 0x00007ffb28fda000 	C:\WINDOWS\System32\ole32.dll
0x00007ffb26e50000 - 0x00007ffb26ed0000 	C:\WINDOWS\System32\bcryptPrimitives.dll
0x00007ffb24490000 - 0x00007ffb244bf000 	C:\WINDOWS\system32\DWMAPI.DLL
0x00007ffb09f90000 - 0x00007ffb0a0b6000 	C:\WINDOWS\system32\opengl32.dll
0x00007ffb163e0000 - 0x00007ffb1640c000 	C:\WINDOWS\SYSTEM32\GLU32.dll
0x00007ffb15ce0000 - 0x00007ffb15eaf000 	C:\WINDOWS\system32\d3d9.dll
0x00007ffb13d50000 - 0x00007ffb13e55000 	C:\WINDOWS\System32\DriverStore\FileRepository\nv_dispi.inf_amd64_d67c20d727d4578c\nvldumdx.dll
0x00007ffb26590000 - 0x00007ffb265a2000 	C:\WINDOWS\SYSTEM32\msasn1.dll
0x00007ffb212d0000 - 0x00007ffb21301000 	C:\WINDOWS\SYSTEM32\cryptnet.dll
0x00007ffb26b40000 - 0x00007ffb26c9f000 	C:\WINDOWS\System32\CRYPT32.dll
0x00007ffb26320000 - 0x00007ffb2632c000 	C:\WINDOWS\SYSTEM32\cryptbase.dll
0x00007ffb27000000 - 0x00007ffb27060000 	C:\WINDOWS\System32\WINTRUST.DLL
0x00007ffb28ff0000 - 0x00007ffb2900d000 	C:\WINDOWS\System32\imagehlp.dll
0x00007ffb26300000 - 0x00007ffb26318000 	C:\WINDOWS\SYSTEM32\CRYPTSP.dll
0x00007ffb25ad0000 - 0x00007ffb25b04000 	C:\WINDOWS\system32\rsaenh.dll
0x00007ffb26ed0000 - 0x00007ffb26ef7000 	C:\WINDOWS\System32\bcrypt.dll
0x00007ffaec830000 - 0x00007ffaee478000 	C:\WINDOWS\System32\DriverStore\FileRepository\nv_dispi.inf_amd64_d67c20d727d4578c\nvd3dumx.dll
0x00007ffb19390000 - 0x00007ffb193cb000 	C:\WINDOWS\SYSTEM32\dxcore.dll
0x00007ffb26fb0000 - 0x00007ffb26ffe000 	C:\WINDOWS\System32\cfgmgr32.dll
0x00007ffb14be0000 - 0x00007ffb14c29000 	C:\Program Files\Java\jre1.8.0_271\bin\fontmanager.dll
0x00007ffb1b320000 - 0x00007ffb1b41b000 	C:\WINDOWS\SYSTEM32\textinputframework.dll
0x00007ffb23d70000 - 0x00007ffb23e62000 	C:\WINDOWS\System32\CoreMessaging.dll
0x00007ffb23600000 - 0x00007ffb2395e000 	C:\WINDOWS\System32\CoreUIComponents.dll
0x00007ffb25730000 - 0x00007ffb25763000 	C:\WINDOWS\SYSTEM32\ntmarta.dll
0x00007ffb23220000 - 0x00007ffb23374000 	C:\WINDOWS\SYSTEM32\wintypes.dll
0x00007ffb268d0000 - 0x00007ffb268fe000 	C:\WINDOWS\SYSTEM32\USERENV.dll
0x00007ffb170e0000 - 0x00007ffb170fc000 	C:\Program Files\Java\jre1.8.0_271\bin\net.dll
0x00007ffb26130000 - 0x00007ffb2619a000 	C:\WINDOWS\system32\mswsock.dll
0x00007ffb25e20000 - 0x00007ffb25e5b000 	C:\WINDOWS\SYSTEM32\IPHLPAPI.DLL
0x00007ffb29070000 - 0x00007ffb29078000 	C:\WINDOWS\System32\NSI.dll
0x00007ffb20cc0000 - 0x00007ffb20cd7000 	C:\WINDOWS\SYSTEM32\dhcpcsvc6.DLL
0x00007ffb20e70000 - 0x00007ffb20e8d000 	C:\WINDOWS\SYSTEM32\dhcpcsvc.DLL
0x00007ffb25ec0000 - 0x00007ffb25f8b000 	C:\WINDOWS\SYSTEM32\DNSAPI.dll
0x00007ffb14b90000 - 0x00007ffb14ba3000 	C:\Program Files\Java\jre1.8.0_271\bin\nio.dll
0x00007ffb08180000 - 0x00007ffb08230000 	C:\WINDOWS\WinSxS\amd64_microsoft.windows.common-controls_6595b64144ccf1df_5.82.19041.844_none_423537bff6b9828c\comctl32.dll
0x00007ffb149b0000 - 0x00007ffb149f3000 	C:\Program Files\Java\jre1.8.0_271\bin\t2k.dll
0x00007ffb284f0000 - 0x00007ffb28599000 	C:\WINDOWS\System32\clbcatq.dll
0x00007ffb252f0000 - 0x00007ffb253e7000 	C:\WINDOWS\SYSTEM32\PROPSYS.dll
0x00007ffb21750000 - 0x00007ffb21767000 	C:\WINDOWS\system32\NetworkExplorer.dll
0x00007ffb23470000 - 0x00007ffb2348d000 	C:\WINDOWS\SYSTEM32\MPR.dll
0x00007ffb1f4d0000 - 0x00007ffb1f4ed000 	C:\WINDOWS\System32\p9np.dll
0x00007ffb20980000 - 0x00007ffb2098b000 	C:\WINDOWS\System32\drprov.dll
0x00007ffb26530000 - 0x00007ffb2658a000 	C:\WINDOWS\System32\WINSTA.dll
0x00007ffb1f3f0000 - 0x00007ffb1f408000 	C:\WINDOWS\System32\ntlanman.dll
0x00007ffb17d50000 - 0x00007ffb17d6e000 	C:\WINDOWS\System32\davclnt.dll
0x00007ffb20620000 - 0x00007ffb2062d000 	C:\WINDOWS\System32\DAVHLPR.dll
0x00007ffb25b60000 - 0x00007ffb25b77000 	C:\WINDOWS\System32\wkscli.dll
0x00007ffb190f0000 - 0x00007ffb19102000 	C:\WINDOWS\SYSTEM32\cscapi.dll
0x00007ffb25e60000 - 0x00007ffb25e6c000 	C:\WINDOWS\System32\netutils.dll
0x00007ffb0d3a0000 - 0x00007ffb0d3f8000 	C:\Windows\System32\dlnashext.dll
0x00007ffb05a40000 - 0x00007ffb05aa4000 	C:\Windows\System32\PlayToDevice.dll
0x00007ffb1c760000 - 0x00007ffb1c780000 	C:\Windows\System32\DevDispItemProvider.dll
0x00007ffb21df0000 - 0x00007ffb21e75000 	C:\WINDOWS\System32\MMDevApi.dll
0x00007ffb26770000 - 0x00007ffb2679c000 	C:\WINDOWS\System32\DEVOBJ.dll
0x00007ffafb180000 - 0x00007ffafb223000 	C:\WINDOWS\system32\wpdshext.dll
0x00007ffb1d220000 - 0x00007ffb1d3cb000 	C:\WINDOWS\WinSxS\amd64_microsoft.windows.gdiplus_6595b64144ccf1df_1.1.19041.789_none_faf0a7e97612e7bb\gdiplus.dll
0x00007ffb24160000 - 0x00007ffb24203000 	C:\Windows\System32\PortableDeviceApi.dll
0x00007ffb287c0000 - 0x00007ffb28c29000 	C:\WINDOWS\System32\SETUPAPI.dll
0x00007ffb184e0000 - 0x00007ffb18c77000 	C:\Windows\System32\OneCoreUAPCommonProxyStub.dll
0x00007ffb08d60000 - 0x00007ffb08d97000 	C:\Windows\System32\EhStorShell.dll
0x00007ffb22090000 - 0x00007ffb220b6000 	C:\Windows\System32\EhStorAPI.dll
0x00007ffb23200000 - 0x00007ffb23214000 	C:\Windows\System32\WTSAPI32.dll
0x00007ffb1d700000 - 0x00007ffb1d70d000 	C:\WINDOWS\SYSTEM32\LINKINFO.dll

VM Arguments:
jvm_args: -Dfile.encoding=Cp1252 
java_command: ide.main.Start
java_class_path (initial): C:\Users\Juninho\eclipse-workspace\Boot IDE\bin
Launcher Type: SUN_STANDARD

Environment Variables:
JAVA_HOME=C:\Program Files (x86)\Java\jdk1.8.0_192
PATH=C:/Program Files/Java/jre1.8.0_271/bin/server;C:/Program Files/Java/jre1.8.0_271/bin;C:/Program Files/Java/jre1.8.0_271/lib/amd64;C:\Program Files\Common Files\Oracle\Java\javapath;C:\Program Files (x86)\Embarcadero\Studio\20.0\bin;C:\Users\Public\Documents\Embarcadero\Studio\20.0\Bpl;C:\Program Files (x86)\Embarcadero\Studio\20.0\bin64;C:\Users\Public\Documents\Embarcadero\Studio\20.0\Bpl\Win64;C:\Program Files (x86)\Common Files\Oracle\Java\javapath;C:\ProgramData\Oracle\Java\javapath;C:\WINDOWS\system32;C:\WINDOWS;C:\WINDOWS\System32\Wbem;C:\WINDOWS\System32\WindowsPowerShell\v1.0\;C:\WINDOWS\System32\OpenSSH\;C:\Program Files\dotnet\;C:\Program Files (x86)\NVIDIA Corporation\PhysX\Common.;C:\Program Files\Java\jdk1.8.0_221\bin;C:\Users\Juninho\OneDrive\Documentos\Python\chromedriver.exe;C:\Program Files (x86)\NVIDIA Corporation\PhysX\Common;C:\Program Files\Microsoft SQL Server\110\Tools\Binn\;C:\WINDOWS\system32;C:\WINDOWS;C:\WINDOWS\System32\Wbem;C:\WINDOWS\System32\WindowsPowerShell\v1.0\;C:\WINDOWS\System32\OpenSSH\;C:\Program Files\Unity\Hub\Editor\2020.1.9f1\Editor\Data\PlaybackEngines\AndroidPlayer\SDK;C:\Program Files (x86)\dotnet\;C:\Program Files\Git\cmd;C:\Users\Juninho\AppData\Local\Programs\Python\Python38-32\Scripts\;C:\Users\Juninho\AppData\Local\Programs\Python\Python38-32\;C:\Program Files (x86)\Common Files\Oracle\Java\javapath;C:\ProgramData\Oracle\Java\javapath;C:\WINDOWS\system32;C:\WINDOWS;C:\WINDOWS\System32\Wbem;C:\WINDOWS\System32\WindowsPowerShell\v1.0\;C:\WINDOWS\System32\OpenSSH\;C:\Users\Juninho\AppData\Local\Microsoft\WindowsApps;C:\Users\Juninho\AppData\Local\Microsoft\WindowsApps;C:\Users\Juninho\AppData\Local\Programs\Microsoft VS Code\bin;C:\Users\Juninho\.dotnet\tools;;C:\Users\Juninho\eclipse\java-2020-03\eclipse;
USERNAME=Juninho
OS=Windows_NT
PROCESSOR_IDENTIFIER=Intel64 Family 6 Model 60 Stepping 3, GenuineIntel



---------------  S Y S T E M  ---------------

OS: Windows 10.0 , 64 bit Build 19041 (10.0.19041.804)

CPU:total 4 (initial active 4) (4 cores per cpu, 1 threads per core) family 6 model 60 stepping 3, cmov, cx8, fxsr, mmx, sse, sse2, sse3, ssse3, sse4.1, sse4.2, popcnt, avx, avx2, aes, clmul, erms, lzcnt, tsc, tscinvbit, bmi1, bmi2

Memory: 4k page, physical 8257940k(1538028k free), swap 8257940k(5204k free)

vm_info: Java HotSpot(TM) 64-Bit Server VM (25.271-b09) for windows-amd64 JRE (1.8.0_271-b09), built on Sep 16 2020 19:14:59 by "" with MS VC++ 15.9 (VS2017)

time: Sat Apr 10 11:20:21 2021
timezone: Hora oficial do Brasil
elapsed time: 0.992384 seconds (0d 0h 0m 0s)

